// Jest Snapshot v1, https://goo.gl/fbAQLP

exports[`JSection matches snapshot 1`] = `
<section
  className="j-section j-section--white"
>
  JÃ¼ssi
</section>
`;
