// Jest Snapshot v1, https://goo.gl/fbAQLP

exports[`JCard matches snapshot 1`] = `
<div
  className="j-card j-card--rad-normal j-card--size-normal"
>
  JÃ¼ssi
</div>
`;
